// Jest Snapshot v1, https://goo.gl/fbAQLP

exports[`DatetimeSelect() matches snapshot with default props 1`] = `
<Component
  getQueryString={[Function]}
  label="Select Datetime"
  modelName="datetime"
  optionsEntityMap={
    Object {
      "default": Object {
        "label": [Function],
        "value": "DTT_ID",
      },
      "name": Object {
        "label": "DTT_name",
        "value": "DTT_ID",
      },
    }
  }
  queryData={
    Object {
      "limit": 100,
      "order": "DESC",
      "orderBy": "start_date",
      "showExpired": false,
    }
  }
  selectConfiguration={
    Object {
      "defaultValue": undefined,
      "loadingMessage": [Function],
      "noOptionsMessage": [Function],
      "onChange": undefined,
      "placeholder": "Select Datetimeâ€¦",
    }
  }
/>
`;

exports[`EditorDatetimeSelect() matches snapshot with default props 1`] = `
<div
  class="components-base-control css-wdf2ti-Wrapper e1puf3u0"
>
  <div
    class="components-base-control__field css-11vcxb9-StyledField e1puf3u1"
  >
    <label
      class="components-base-control__label css-pezhm9-StyledLabel e1puf3u2"
      for="inspector-select-datetime-control-0"
    >
      Select Datetime
    </label>
    <span>
      DatetimeSelect
    </span>
  </div>
</div>
`;
