// Jest Snapshot v1, https://goo.gl/fbAQLP

exports[`EditorEventSelect() matches snapshot with default props 1`] = `
<div
  class="components-base-control css-wdf2ti-Wrapper e1puf3u0"
>
  <div
    class="components-base-control__field css-11vcxb9-StyledField e1puf3u1"
  >
    <label
      class="components-base-control__label css-pezhm9-StyledLabel e1puf3u2"
      for="inspector-select-event-control-0"
    >
      Select Event
    </label>
    <span>
      EventSelect
    </span>
  </div>
</div>
`;

exports[`EventSelect() matches snapshot with default props 1`] = `
<Component
  getQueryString={[Function]}
  label="Select Event"
  modelName="event"
  optionsEntityMap={
    Object {
      "default": Object {
        "label": "EVT_name",
        "value": "EVT_ID",
      },
    }
  }
  queryData={
    Object {
      "limit": 100,
      "order": "DESC",
      "orderBy": "start_date",
      "showExpired": false,
    }
  }
  selectConfiguration={
    Object {
      "defaultValue": undefined,
      "loadingMessage": [Function],
      "noOptionsMessage": [Function],
      "onChange": undefined,
      "placeholder": "Select Eventâ€¦",
    }
  }
/>
`;
