// Jest Snapshot v1, https://goo.gl/fbAQLP

exports[`EditorStatusSelect() matches snapshot with default props 1`] = `
<div
  class="components-base-control css-wdf2ti-Wrapper e1puf3u0"
>
  <div
    class="components-base-control__field css-11vcxb9-StyledField e1puf3u1"
  >
    <label
      class="components-base-control__label css-pezhm9-StyledLabel e1puf3u2"
      for="inspector-select-status-control-0"
    >
      Select Status
    </label>
    <span>
      StatusSelect
    </span>
  </div>
</div>
`;

exports[`StatusSelect() matches snapshot with default props plus provided statusType 1`] = `
<Component
  getQueryString={[Function]}
  label="Select Status"
  modelName="status"
  optionsEntityMap={
    Object {
      "default": Object {
        "label": [Function],
        "value": "STS_ID",
      },
    }
  }
  queryData={
    Object {
      "limit": 25,
      "order": "ASC",
      "orderBy": "statusCode",
    }
  }
  selectConfiguration={
    Object {
      "defaultValue": undefined,
      "loadingMessage": [Function],
      "noOptionsMessage": [Function],
      "onChange": undefined,
      "placeholder": "Select Statusâ€¦",
    }
  }
/>
`;
