// Jest Snapshot v1, https://goo.gl/fbAQLP

exports[`EditorTicketSelect() matches snapshot with default props 1`] = `
<div
  class="components-base-control css-wdf2ti-Wrapper e1puf3u0"
>
  <div
    class="components-base-control__field css-11vcxb9-StyledField e1puf3u1"
  >
    <label
      class="components-base-control__label css-pezhm9-StyledLabel e1puf3u2"
      for="inspector-select-ticket-control-0"
    >
      Select Ticket
    </label>
    <span>
      TicketSelect
    </span>
  </div>
</div>
`;

exports[`TicketSelect() matches snapshot with default props 1`] = `
<Component
  getQueryString={[Function]}
  label="Select Ticket"
  modelName="ticket"
  optionsEntityMap={
    Object {
      "default": Object {
        "label": "TKT_name",
        "value": "TKT_ID",
      },
    }
  }
  queryData={
    Object {
      "limit": 100,
      "order": "DESC",
      "orderBy": "start_date",
      "showExpired": false,
    }
  }
  selectConfiguration={
    Object {
      "defaultValue": undefined,
      "loadingMessage": [Function],
      "noOptionsMessage": [Function],
      "onChange": undefined,
      "placeholder": "Select Ticketâ€¦",
    }
  }
/>
`;
