// Jest Snapshot v1, https://goo.gl/fbAQLP

exports[`StepBubbleMenu renders as expected with default props 1`] = `
<div
  className="ee-step-bubble-menu-container"
>
  <div
    className="step-bubbles-container"
    role="menu"
    tabIndex={1}
  />
</div>
`;
